Étape 1 : vecteurs déjà calculés, relus depuis /workspace/stable-wm/cache/pusht_lewm_emb.pt
torch.compile : 47.6 ms par pas sans, 15.6 ms avec -> activé
ar_det-pusht-s0 : modèle ar_det, pusht, graine 0 | 1 794 871 exemples (1 615 384 train, 179 487 val), 12 620 pas par epoch, 20 epochs
epoch  1/20 | perte train 0.0334 | perte val 0.0069 | lr 5.0e-05 | 6.7 min | reste ~128 min
epoch  2/20 | perte train 0.0057 | perte val 0.0048 | lr 4.9e-05 | 6.7 min | reste ~121 min
epoch  3/20 | perte train 0.0043 | perte val 0.0040 | lr 4.8e-05 | 6.8 min | reste ~115 min
epoch  4/20 | perte train 0.0037 | perte val 0.0035 | lr 4.6e-05 | 6.9 min | reste ~109 min
epoch  5/20 | perte train 0.0033 | perte val 0.0032 | lr 4.3e-05 | 6.8 min | reste ~102 min
epoch  6/20 | perte train 0.0030 | perte val 0.0029 | lr 4.0e-05 | 6.8 min | reste ~95 min
epoch  7/20 | perte train 0.0027 | perte val 0.0027 | lr 3.7e-05 | 6.8 min | reste ~88 min
epoch  8/20 | perte train 0.0025 | perte val 0.0025 | lr 3.3e-05 | 6.6 min | reste ~81 min
epoch  9/20 | perte train 0.0024 | perte val 0.0024 | lr 2.9e-05 | 6.6 min | reste ~74 min
epoch 10/20 | perte train 0.0022 | perte val 0.0022 | lr 2.5e-05 | 6.2 min | reste ~67 min
epoch 11/20 | perte train 0.0021 | perte val 0.0021 | lr 2.1e-05 | 6.4 min | reste ~60 min
epoch 12/20 | perte train 0.0020 | perte val 0.0020 | lr 1.8e-05 | 6.4 min | reste ~53 min
epoch 13/20 | perte train 0.0019 | perte val 0.0019 | lr 1.4e-05 | 6.4 min | reste ~46 min
epoch 14/20 | perte train 0.0018 | perte val 0.0019 | lr 1.0e-05 | 6.4 min | reste ~40 min
epoch 15/20 | perte train 0.0018 | perte val 0.0018 | lr 7.5e-06 | 6.2 min | reste ~33 min
epoch 16/20 | perte train 0.0017 | perte val 0.0018 | lr 4.9e-06 | 6.3 min | reste ~26 min
epoch 17/20 | perte train 0.0017 | perte val 0.0017 | lr 2.8e-06 | 6.5 min | reste ~20 min
epoch 18/20 | perte train 0.0016 | perte val 0.0017 | lr 1.2e-06 | 6.4 min | reste ~13 min
epoch 19/20 | perte train 0.0016 | perte val 0.0017 | lr 3.1e-07 | 6.9 min | reste ~7 min
epoch 20/20 | perte train 0.0016 | perte val 0.0017 | lr 0.0e+00 | 6.8 min | reste ~0 min
Terminé en 132 min. Poids : /workspace/stable-wm/checkpoints/ar_det-pusht-s0
