Étape 1 : encodage des 2 336 736 images, une seule fois
  encodage  10% | 5 618 images/s | reste ~6.2 min
  encodage  20% | 5 684 images/s | reste ~5.5 min
  encodage  30% | 5 704 images/s | reste ~4.8 min
  encodage  40% | 5 717 images/s | reste ~4.1 min
  encodage  50% | 5 723 images/s | reste ~3.4 min
  encodage  60% | 5 724 images/s | reste ~2.7 min
  encodage  70% | 5 727 images/s | reste ~2.0 min
  encodage  80% | 5 729 images/s | reste ~1.4 min
  encodage  90% | 5 731 images/s | reste ~0.7 min
  encodage 100% | 5 731 images/s | reste ~0.0 min
Étape 1 : vecteurs déjà calculés, relus depuis /workspace/stable-wm/cache/pusht_lewm_emb.pt
torch.compile : 46.9 ms par pas sans, 20.2 ms avec -> activé
joint_flow-pusht-s0 : modèle joint_flow, pusht, graine 0 | 1 794 871 exemples (1 615 384 train, 179 487 val), 12 620 pas par epoch, 20 epochs
epoch  1/20 | perte train 0.3650 | perte val 0.2057 | lr 5.0e-05 | 7.1 min | reste ~134 min
epoch  2/20 | perte train 0.1710 | perte val 0.1482 | lr 4.9e-05 | 7.2 min | reste ~128 min
epoch  3/20 | perte train 0.1376 | perte val 0.1292 | lr 4.8e-05 | 7.4 min | reste ~122 min
epoch  4/20 | perte train 0.1224 | perte val 0.1187 | lr 4.6e-05 | 7.3 min | reste ~115 min
epoch  5/20 | perte train 0.1142 | perte val 0.1107 | lr 4.3e-05 | 6.9 min | reste ~107 min
epoch  6/20 | perte train 0.1073 | perte val 0.1053 | lr 4.0e-05 | 7.0 min | reste ~100 min
epoch  7/20 | perte train 0.1026 | perte val 0.1010 | lr 3.7e-05 | 6.9 min | reste ~92 min
epoch  8/20 | perte train 0.0988 | perte val 0.0972 | lr 3.3e-05 | 7.2 min | reste ~85 min
epoch  9/20 | perte train 0.0955 | perte val 0.0943 | lr 2.9e-05 | 6.8 min | reste ~78 min
epoch 10/20 | perte train 0.0931 | perte val 0.0927 | lr 2.5e-05 | 6.6 min | reste ~70 min
epoch 11/20 | perte train 0.0911 | perte val 0.0905 | lr 2.1e-05 | 6.9 min | reste ~63 min
epoch 12/20 | perte train 0.0890 | perte val 0.0885 | lr 1.8e-05 | 6.8 min | reste ~56 min
epoch 13/20 | perte train 0.0875 | perte val 0.0868 | lr 1.4e-05 | 6.8 min | reste ~49 min
epoch 14/20 | perte train 0.0862 | perte val 0.0859 | lr 1.0e-05 | 7.1 min | reste ~42 min
epoch 15/20 | perte train 0.0852 | perte val 0.0849 | lr 7.5e-06 | 6.8 min | reste ~35 min
epoch 16/20 | perte train 0.0843 | perte val 0.0842 | lr 4.9e-06 | 6.9 min | reste ~28 min
epoch 17/20 | perte train 0.0836 | perte val 0.0835 | lr 2.8e-06 | 6.7 min | reste ~21 min
epoch 18/20 | perte train 0.0831 | perte val 0.0832 | lr 1.2e-06 | 7.0 min | reste ~14 min
epoch 19/20 | perte train 0.0828 | perte val 0.0830 | lr 3.1e-07 | 6.9 min | reste ~7 min
epoch 20/20 | perte train 0.0826 | perte val 0.0828 | lr 0.0e+00 | 6.9 min | reste ~0 min
Terminé en 139 min. Poids : /workspace/stable-wm/checkpoints/joint_flow-pusht-s0
