ar_flow-tworoom-e2e : modèle ar_flow, config tworoom | 630 809 exemples (567 729 train, 8 192 val suivis), 4 435 pas par epoch, 20 epochs, 9 processus de chargement, torch.compile : oui
  epoch 1 pas 500/4 435 | perte 3.2939 (prédiction 1.3338, sigreg 19.5986) | 158 ex/s | attente des données 45%
  epoch 1 pas 1 000/4 435 | perte 2.4339 (prédiction 1.1696, sigreg 12.6422) | 207 ex/s | attente des données 41%
  epoch 1 pas 1 500/4 435 | perte 2.0249 (prédiction 1.0110, sigreg 10.1383) | 242 ex/s | attente des données 36%
  epoch 1 pas 2 000/4 435 | perte 1.7697 (prédiction 0.8874, sigreg 8.8230) | 264 ex/s | attente des données 32%
  epoch 1 pas 2 500/4 435 | perte 1.5998 (prédiction 0.7989, sigreg 8.0077) | 280 ex/s | attente des données 30%
  epoch 1 pas 3 000/4 435 | perte 1.4787 (prédiction 0.7331, sigreg 7.4562) | 294 ex/s | attente des données 27%
  epoch 1 pas 3 500/4 435 | perte 1.3867 (prédiction 0.6806, sigreg 7.0611) | 309 ex/s | attente des données 25%
  epoch 1 pas 4 000/4 435 | perte 1.3130 (prédiction 0.6366, sigreg 6.7630) | 320 ex/s | attente des données 22%
epoch  1/20 | train : perte 1.2595 (prédiction 0.6042, sigreg 6.5528) | val : perte 21.8980 (prédiction 3.5230, sigreg 183.7969) | lr 5.0e-05 | 29.2 min | reste ~9.2 h
  epoch 2 pas 500/4 435 | perte 0.7409 (prédiction 0.2915, sigreg 4.4941) | 431 ex/s | attente des données 1%
  epoch 2 pas 1 000/4 435 | perte 0.7279 (prédiction 0.2823, sigreg 4.4568) | 433 ex/s | attente des données 1%
  epoch 2 pas 1 500/4 435 | perte 0.7178 (prédiction 0.2735, sigreg 4.4433) | 434 ex/s | attente des données 1%
  epoch 2 pas 2 000/4 435 | perte 0.7084 (prédiction 0.2659, sigreg 4.4251) | 434 ex/s | attente des données 0%
  epoch 2 pas 2 500/4 435 | perte 0.6993 (prédiction 0.2597, sigreg 4.3968) | 434 ex/s | attente des données 0%
  epoch 2 pas 3 000/4 435 | perte 0.6906 (prédiction 0.2539, sigreg 4.3674) | 435 ex/s | attente des données 0%
  epoch 2 pas 3 500/4 435 | perte 0.6829 (prédiction 0.2484, sigreg 4.3451) | 435 ex/s | attente des données 0%
  epoch 2 pas 4 000/4 435 | perte 0.6757 (prédiction 0.2433, sigreg 4.3242) | 435 ex/s | attente des données 0%
epoch  2/20 | train : perte 0.6702 (prédiction 0.2393, sigreg 4.3092) | val : perte 4.5044 (prédiction 0.7785, sigreg 37.2500) | lr 4.9e-05 | 22.2 min | reste ~7.7 h
  epoch 3 pas 500/4 435 | perte 0.6119 (prédiction 0.1979, sigreg 4.1392) | 431 ex/s | attente des données 1%
  epoch 3 pas 1 000/4 435 | perte 0.6086 (prédiction 0.1957, sigreg 4.1288) | 433 ex/s | attente des données 1%
  epoch 3 pas 1 500/4 435 | perte 0.6063 (prédiction 0.1939, sigreg 4.1240) | 434 ex/s | attente des données 1%
  epoch 3 pas 2 000/4 435 | perte 0.6038 (prédiction 0.1924, sigreg 4.1133) | 434 ex/s | attente des données 0%
  epoch 3 pas 2 500/4 435 | perte 0.6015 (prédiction 0.1911, sigreg 4.1037) | 435 ex/s | attente des données 0%
  epoch 3 pas 3 000/4 435 | perte 0.5988 (prédiction 0.1901, sigreg 4.0874) | 435 ex/s | attente des données 0%
  epoch 3 pas 3 500/4 435 | perte 0.5958 (prédiction 0.1893, sigreg 4.0651) | 435 ex/s | attente des données 0%
  epoch 3 pas 4 000/4 435 | perte 0.5925 (prédiction 0.1888, sigreg 4.0369) | 435 ex/s | attente des données 0%
epoch  3/20 | train : perte 0.5896 (prédiction 0.1882, sigreg 4.0135) | val : perte 5.9984 (prédiction 0.8665, sigreg 51.3086) | lr 4.8e-05 | 22.2 min | reste ~6.9 h
  epoch 4 pas 500/4 435 | perte 0.5579 (prédiction 0.1805, sigreg 3.7737) | 431 ex/s | attente des données 1%
  epoch 4 pas 1 000/4 435 | perte 0.5556 (prédiction 0.1793, sigreg 3.7626) | 433 ex/s | attente des données 1%
  epoch 4 pas 1 500/4 435 | perte 0.5537 (prédiction 0.1782, sigreg 3.7552) | 434 ex/s | attente des données 0%
  epoch 4 pas 2 000/4 435 | perte 0.5521 (prédiction 0.1772, sigreg 3.7493) | 434 ex/s | attente des données 0%
  epoch 4 pas 2 500/4 435 | perte 0.5505 (prédiction 0.1762, sigreg 3.7428) | 434 ex/s | attente des données 0%
  epoch 4 pas 3 000/4 435 | perte 0.5489 (prédiction 0.1752, sigreg 3.7372) | 435 ex/s | attente des données 0%
  epoch 4 pas 3 500/4 435 | perte 0.5475 (prédiction 0.1742, sigreg 3.7330) | 435 ex/s | attente des données 0%
  epoch 4 pas 4 000/4 435 | perte 0.5461 (prédiction 0.1733, sigreg 3.7276) | 435 ex/s | attente des données 0%
epoch  4/20 | train : perte 0.5448 (prédiction 0.1725, sigreg 3.7226) | val : perte 2.9059 (prédiction 0.4781, sigreg 24.2832) | lr 4.6e-05 | 22.2 min | reste ~6.4 h
  epoch 5 pas 500/4 435 | perte 0.5326 (prédiction 0.1642, sigreg 3.6843) | 429 ex/s | attente des données 1%
  epoch 5 pas 1 000/4 435 | perte 0.5314 (prédiction 0.1635, sigreg 3.6794) | 432 ex/s | attente des données 1%
  epoch 5 pas 1 500/4 435 | perte 0.5307 (prédiction 0.1629, sigreg 3.6783) | 433 ex/s | attente des données 1%
  epoch 5 pas 2 000/4 435 | perte 0.5297 (prédiction 0.1622, sigreg 3.6747) | 434 ex/s | attente des données 0%
  epoch 5 pas 2 500/4 435 | perte 0.5285 (prédiction 0.1615, sigreg 3.6704) | 434 ex/s | attente des données 0%
  epoch 5 pas 3 000/4 435 | perte 0.5277 (prédiction 0.1609, sigreg 3.6675) | 434 ex/s | attente des données 0%
  epoch 5 pas 3 500/4 435 | perte 0.5268 (prédiction 0.1603, sigreg 3.6654) | 434 ex/s | attente des données 0%
  epoch 5 pas 4 000/4 435 | perte 0.5260 (prédiction 0.1597, sigreg 3.6624) | 435 ex/s | attente des données 0%
epoch  5/20 | train : perte 0.5253 (prédiction 0.1592, sigreg 3.6607) | val : perte 1.7402 (prédiction 0.3409, sigreg 13.9961) | lr 4.3e-05 | 22.2 min | reste ~5.9 h
  epoch 6 pas 500/4 435 | perte 0.5171 (prédiction 0.1537, sigreg 3.6330) | 430 ex/s | attente des données 1%
  epoch 6 pas 1 000/4 435 | perte 0.5159 (prédiction 0.1532, sigreg 3.6270) | 433 ex/s | attente des données 1%
  epoch 6 pas 1 500/4 435 | perte 0.5151 (prédiction 0.1527, sigreg 3.6244) | 434 ex/s | attente des données 1%
  epoch 6 pas 2 000/4 435 | perte 0.5146 (prédiction 0.1522, sigreg 3.6240) | 434 ex/s | attente des données 1%
  epoch 6 pas 2 500/4 435 | perte 0.5139 (prédiction 0.1517, sigreg 3.6216) | 434 ex/s | attente des données 0%
  epoch 6 pas 3 000/4 435 | perte 0.5133 (prédiction 0.1512, sigreg 3.6207) | 435 ex/s | attente des données 0%
  epoch 6 pas 3 500/4 435 | perte 0.5127 (prédiction 0.1508, sigreg 3.6190) | 435 ex/s | attente des données 0%
  epoch 6 pas 4 000/4 435 | perte 0.5122 (prédiction 0.1504, sigreg 3.6181) | 435 ex/s | attente des données 0%
epoch  6/20 | train : perte 0.5117 (prédiction 0.1500, sigreg 3.6167) | val : perte 2.2535 (prédiction 0.4312, sigreg 18.2207) | lr 4.0e-05 | 22.2 min | reste ~5.4 h
  epoch 7 pas 500/4 435 | perte 0.5056 (prédiction 0.1461, sigreg 3.5956) | 431 ex/s | attente des données 1%
  epoch 7 pas 1 000/4 435 | perte 0.5055 (prédiction 0.1458, sigreg 3.5974) | 433 ex/s | attente des données 1%
  epoch 7 pas 1 500/4 435 | perte 0.5050 (prédiction 0.1454, sigreg 3.5964) | 434 ex/s | attente des données 1%
  epoch 7 pas 2 000/4 435 | perte 0.5049 (prédiction 0.1452, sigreg 3.5971) | 434 ex/s | attente des données 0%
  epoch 7 pas 2 500/4 435 | perte 0.5045 (prédiction 0.1447, sigreg 3.5976) | 435 ex/s | attente des données 0%
  epoch 7 pas 3 000/4 435 | perte 0.5040 (prédiction 0.1443, sigreg 3.5965) | 435 ex/s | attente des données 0%
  epoch 7 pas 3 500/4 435 | perte 0.5035 (prédiction 0.1440, sigreg 3.5949) | 435 ex/s | attente des données 0%
  epoch 7 pas 4 000/4 435 | perte 0.5029 (prédiction 0.1436, sigreg 3.5931) | 435 ex/s | attente des données 0%
epoch  7/20 | train : perte 0.5025 (prédiction 0.1433, sigreg 3.5920) | val : perte 0.8373 (prédiction 0.1711, sigreg 6.6611) | lr 3.7e-05 | 22.2 min | reste ~5.0 h
  epoch 8 pas 500/4 435 | perte 0.4976 (prédiction 0.1395, sigreg 3.5808) | 431 ex/s | attente des données 1%
  epoch 8 pas 1 000/4 435 | perte 0.4977 (prédiction 0.1394, sigreg 3.5826) | 433 ex/s | attente des données 1%
  epoch 8 pas 1 500/4 435 | perte 0.4972 (prédiction 0.1392, sigreg 3.5800) | 434 ex/s | attente des données 1%
  epoch 8 pas 2 000/4 435 | perte 0.4969 (prédiction 0.1391, sigreg 3.5784) | 434 ex/s | attente des données 0%
  epoch 8 pas 2 500/4 435 | perte 0.4964 (prédiction 0.1387, sigreg 3.5773) | 435 ex/s | attente des données 0%
  epoch 8 pas 3 000/4 435 | perte 0.4961 (prédiction 0.1385, sigreg 3.5767) | 435 ex/s | attente des données 0%
  epoch 8 pas 3 500/4 435 | perte 0.4955 (prédiction 0.1381, sigreg 3.5745) | 435 ex/s | attente des données 0%
  epoch 8 pas 4 000/4 435 | perte 0.4951 (prédiction 0.1378, sigreg 3.5732) | 435 ex/s | attente des données 0%
epoch  8/20 | train : perte 0.4946 (prédiction 0.1375, sigreg 3.5715) | val : perte 0.7165 (prédiction 0.1610, sigreg 5.5557) | lr 3.3e-05 | 22.2 min | reste ~4.6 h
  epoch 9 pas 500/4 435 | perte 0.4908 (prédiction 0.1347, sigreg 3.5611) | 431 ex/s | attente des données 1%
  epoch 9 pas 1 000/4 435 | perte 0.4907 (prédiction 0.1346, sigreg 3.5610) | 433 ex/s | attente des données 1%
  epoch 9 pas 1 500/4 435 | perte 0.4904 (prédiction 0.1344, sigreg 3.5600) | 434 ex/s | attente des données 1%
  epoch 9 pas 2 000/4 435 | perte 0.4900 (prédiction 0.1342, sigreg 3.5582) | 434 ex/s | attente des données 0%
  epoch 9 pas 2 500/4 435 | perte 0.4896 (prédiction 0.1339, sigreg 3.5576) | 435 ex/s | attente des données 0%
  epoch 9 pas 3 000/4 435 | perte 0.4892 (prédiction 0.1335, sigreg 3.5566) | 435 ex/s | attente des données 0%
  epoch 9 pas 3 500/4 435 | perte 0.4890 (prédiction 0.1334, sigreg 3.5565) | 435 ex/s | attente des données 0%
  epoch 9 pas 4 000/4 435 | perte 0.4887 (prédiction 0.1331, sigreg 3.5558) | 435 ex/s | attente des données 0%
epoch  9/20 | train : perte 0.4884 (prédiction 0.1329, sigreg 3.5557) | val : perte 0.9569 (prédiction 0.1828, sigreg 7.7393) | lr 2.9e-05 | 22.2 min | reste ~4.2 h
  epoch 10 pas 500/4 435 | perte 0.4849 (prédiction 0.1309, sigreg 3.5400) | 430 ex/s | attente des données 2%
  epoch 10 pas 1 000/4 435 | perte 0.4853 (prédiction 0.1308, sigreg 3.5444) | 432 ex/s | attente des données 1%
  epoch 10 pas 1 500/4 435 | perte 0.4850 (prédiction 0.1304, sigreg 3.5452) | 433 ex/s | attente des données 1%
  epoch 10 pas 2 000/4 435 | perte 0.4845 (prédiction 0.1301, sigreg 3.5431) | 434 ex/s | attente des données 0%
  epoch 10 pas 2 500/4 435 | perte 0.4844 (prédiction 0.1299, sigreg 3.5446) | 434 ex/s | attente des données 0%
  epoch 10 pas 3 000/4 435 | perte 0.4841 (prédiction 0.1297, sigreg 3.5446) | 434 ex/s | attente des données 0%
  epoch 10 pas 3 500/4 435 | perte 0.4839 (prédiction 0.1295, sigreg 3.5438) | 434 ex/s | attente des données 0%
  epoch 10 pas 4 000/4 435 | perte 0.4837 (prédiction 0.1293, sigreg 3.5438) | 435 ex/s | attente des données 0%
epoch 10/20 | train : perte 0.4834 (prédiction 0.1292, sigreg 3.5426) | val : perte 0.6088 (prédiction 0.1217, sigreg 4.8711) | lr 2.5e-05 | 22.2 min | reste ~3.8 h
  epoch 11 pas 500/4 435 | perte 0.4804 (prédiction 0.1267, sigreg 3.5364) | 431 ex/s | attente des données 1%
  epoch 11 pas 1 000/4 435 | perte 0.4800 (prédiction 0.1266, sigreg 3.5332) | 433 ex/s | attente des données 1%
  epoch 11 pas 1 500/4 435 | perte 0.4801 (prédiction 0.1266, sigreg 3.5353) | 434 ex/s | attente des données 1%
  epoch 11 pas 2 000/4 435 | perte 0.4798 (prédiction 0.1265, sigreg 3.5332) | 434 ex/s | attente des données 0%
  epoch 11 pas 2 500/4 435 | perte 0.4796 (prédiction 0.1264, sigreg 3.5322) | 435 ex/s | attente des données 0%
  epoch 11 pas 3 000/4 435 | perte 0.4793 (prédiction 0.1262, sigreg 3.5306) | 435 ex/s | attente des données 0%
  epoch 11 pas 3 500/4 435 | perte 0.4790 (prédiction 0.1261, sigreg 3.5291) | 435 ex/s | attente des données 0%
  epoch 11 pas 4 000/4 435 | perte 0.4787 (prédiction 0.1258, sigreg 3.5282) | 435 ex/s | attente des données 0%
epoch 11/20 | train : perte 0.4785 (prédiction 0.1257, sigreg 3.5280) | val : perte 0.6155 (prédiction 0.1229, sigreg 4.9272) | lr 2.1e-05 | 22.2 min | reste ~3.4 h
  epoch 12 pas 500/4 435 | perte 0.4752 (prédiction 0.1239, sigreg 3.5129) | 430 ex/s | attente des données 2%
  epoch 12 pas 1 000/4 435 | perte 0.4754 (prédiction 0.1239, sigreg 3.5152) | 433 ex/s | attente des données 1%
  epoch 12 pas 1 500/4 435 | perte 0.4753 (prédiction 0.1236, sigreg 3.5167) | 434 ex/s | attente des données 1%
  epoch 12 pas 2 000/4 435 | perte 0.4755 (prédiction 0.1236, sigreg 3.5198) | 434 ex/s | attente des données 0%
  epoch 12 pas 2 500/4 435 | perte 0.4756 (prédiction 0.1235, sigreg 3.5203) | 434 ex/s | attente des données 0%
  epoch 12 pas 3 000/4 435 | perte 0.4754 (prédiction 0.1234, sigreg 3.5196) | 434 ex/s | attente des données 0%
  epoch 12 pas 3 500/4 435 | perte 0.4753 (prédiction 0.1233, sigreg 3.5194) | 434 ex/s | attente des données 0%
  epoch 12 pas 4 000/4 435 | perte 0.4751 (prédiction 0.1232, sigreg 3.5185) | 434 ex/s | attente des données 0%
epoch 12/20 | train : perte 0.4748 (prédiction 0.1231, sigreg 3.5172) | val : perte 0.5438 (prédiction 0.1109, sigreg 4.3291) | lr 1.8e-05 | 22.2 min | reste ~3.0 h
  epoch 13 pas 500/4 435 | perte 0.4730 (prédiction 0.1218, sigreg 3.5120) | 429 ex/s | attente des données 1%
  epoch 13 pas 1 000/4 435 | perte 0.4728 (prédiction 0.1218, sigreg 3.5108) | 432 ex/s | attente des données 1%
  epoch 13 pas 1 500/4 435 | perte 0.4724 (prédiction 0.1216, sigreg 3.5081) | 433 ex/s | attente des données 1%
  epoch 13 pas 2 000/4 435 | perte 0.4723 (prédiction 0.1215, sigreg 3.5081) | 434 ex/s | attente des données 0%
  epoch 13 pas 2 500/4 435 | perte 0.4719 (prédiction 0.1214, sigreg 3.5055) | 434 ex/s | attente des données 0%
  epoch 13 pas 3 000/4 435 | perte 0.4718 (prédiction 0.1214, sigreg 3.5044) | 434 ex/s | attente des données 0%
  epoch 13 pas 3 500/4 435 | perte 0.4715 (prédiction 0.1212, sigreg 3.5029) | 434 ex/s | attente des données 0%
  epoch 13 pas 4 000/4 435 | perte 0.4713 (prédiction 0.1211, sigreg 3.5017) | 434 ex/s | attente des données 0%
epoch 13/20 | train : perte 0.4712 (prédiction 0.1210, sigreg 3.5016) | val : perte 0.5710 (prédiction 0.1053, sigreg 4.6572) | lr 1.4e-05 | 22.2 min | reste ~2.7 h
  epoch 14 pas 500/4 435 | perte 0.4689 (prédiction 0.1197, sigreg 3.4925) | 430 ex/s | attente des données 2%
  epoch 14 pas 1 000/4 435 | perte 0.4684 (prédiction 0.1196, sigreg 3.4889) | 433 ex/s | attente des données 1%
  epoch 14 pas 1 500/4 435 | perte 0.4688 (prédiction 0.1197, sigreg 3.4909) | 434 ex/s | attente des données 1%
  epoch 14 pas 2 000/4 435 | perte 0.4687 (prédiction 0.1196, sigreg 3.4915) | 434 ex/s | attente des données 1%
  epoch 14 pas 2 500/4 435 | perte 0.4685 (prédiction 0.1196, sigreg 3.4889) | 434 ex/s | attente des données 0%
  epoch 14 pas 3 000/4 435 | perte 0.4686 (prédiction 0.1196, sigreg 3.4901) | 434 ex/s | attente des données 0%
  epoch 14 pas 3 500/4 435 | perte 0.4685 (prédiction 0.1196, sigreg 3.4893) | 434 ex/s | attente des données 0%
  epoch 14 pas 4 000/4 435 | perte 0.4683 (prédiction 0.1195, sigreg 3.4878) | 434 ex/s | attente des données 0%
epoch 14/20 | train : perte 0.4681 (prédiction 0.1195, sigreg 3.4863) | val : perte 0.4660 (prédiction 0.0862, sigreg 3.7979) | lr 1.0e-05 | 22.3 min | reste ~2.3 h
  epoch 15 pas 500/4 435 | perte 0.4667 (prédiction 0.1191, sigreg 3.4756) | 430 ex/s | attente des données 2%
  epoch 15 pas 1 000/4 435 | perte 0.4661 (prédiction 0.1187, sigreg 3.4747) | 431 ex/s | attente des données 1%
  epoch 15 pas 1 500/4 435 | perte 0.4657 (prédiction 0.1186, sigreg 3.4715) | 433 ex/s | attente des données 1%
  epoch 15 pas 2 000/4 435 | perte 0.4655 (prédiction 0.1185, sigreg 3.4692) | 433 ex/s | attente des données 0%
  epoch 15 pas 2 500/4 435 | perte 0.4653 (prédiction 0.1185, sigreg 3.4681) | 434 ex/s | attente des données 0%
  epoch 15 pas 3 000/4 435 | perte 0.4652 (prédiction 0.1185, sigreg 3.4669) | 434 ex/s | attente des données 0%
  epoch 15 pas 3 500/4 435 | perte 0.4651 (prédiction 0.1185, sigreg 3.4669) | 434 ex/s | attente des données 0%
  epoch 15 pas 4 000/4 435 | perte 0.4651 (prédiction 0.1184, sigreg 3.4667) | 435 ex/s | attente des données 0%
epoch 15/20 | train : perte 0.4649 (prédiction 0.1183, sigreg 3.4655) | val : perte 0.4537 (prédiction 0.0812, sigreg 3.7249) | lr 7.5e-06 | 22.2 min | reste ~1.9 h
  epoch 16 pas 500/4 435 | perte 0.4636 (prédiction 0.1176, sigreg 3.4598) | 429 ex/s | attente des données 2%
  epoch 16 pas 1 000/4 435 | perte 0.4632 (prédiction 0.1174, sigreg 3.4573) | 432 ex/s | attente des données 1%
  epoch 16 pas 1 500/4 435 | perte 0.4629 (prédiction 0.1175, sigreg 3.4540) | 433 ex/s | attente des données 1%
  epoch 16 pas 2 000/4 435 | perte 0.4626 (prédiction 0.1175, sigreg 3.4516) | 434 ex/s | attente des données 1%
  epoch 16 pas 2 500/4 435 | perte 0.4627 (prédiction 0.1174, sigreg 3.4526) | 434 ex/s | attente des données 0%
  epoch 16 pas 3 000/4 435 | perte 0.4628 (prédiction 0.1174, sigreg 3.4537) | 434 ex/s | attente des données 0%
  epoch 16 pas 3 500/4 435 | perte 0.4627 (prédiction 0.1173, sigreg 3.4531) | 434 ex/s | attente des données 0%
  epoch 16 pas 4 000/4 435 | perte 0.4624 (prédiction 0.1173, sigreg 3.4502) | 434 ex/s | attente des données 0%
epoch 16/20 | train : perte 0.4623 (prédiction 0.1173, sigreg 3.4500) | val : perte 0.4574 (prédiction 0.0805, sigreg 3.7700) | lr 4.9e-06 | 22.2 min | reste ~1.5 h
  epoch 17 pas 500/4 435 | perte 0.4619 (prédiction 0.1170, sigreg 3.4494) | 431 ex/s | attente des données 1%
  epoch 17 pas 1 000/4 435 | perte 0.4614 (prédiction 0.1170, sigreg 3.4445) | 433 ex/s | attente des données 1%
  epoch 17 pas 1 500/4 435 | perte 0.4607 (prédiction 0.1168, sigreg 3.4396) | 434 ex/s | attente des données 1%
  epoch 17 pas 2 000/4 435 | perte 0.4605 (prédiction 0.1167, sigreg 3.4386) | 434 ex/s | attente des données 0%
  epoch 17 pas 2 500/4 435 | perte 0.4606 (prédiction 0.1167, sigreg 3.4392) | 434 ex/s | attente des données 0%
  epoch 17 pas 3 000/4 435 | perte 0.4606 (prédiction 0.1166, sigreg 3.4395) | 435 ex/s | attente des données 0%
  epoch 17 pas 3 500/4 435 | perte 0.4606 (prédiction 0.1166, sigreg 3.4400) | 435 ex/s | attente des données 0%
  epoch 17 pas 4 000/4 435 | perte 0.4606 (prédiction 0.1166, sigreg 3.4403) | 435 ex/s | attente des données 0%
epoch 17/20 | train : perte 0.4606 (prédiction 0.1165, sigreg 3.4403) | val : perte 0.4537 (prédiction 0.0783, sigreg 3.7537) | lr 2.8e-06 | 22.2 min | reste ~1.1 h
  epoch 18 pas 500/4 435 | perte 0.4587 (prédiction 0.1162, sigreg 3.4260) | 430 ex/s | attente des données 2%
  epoch 18 pas 1 000/4 435 | perte 0.4589 (prédiction 0.1160, sigreg 3.4287) | 433 ex/s | attente des données 1%
  epoch 18 pas 1 500/4 435 | perte 0.4587 (prédiction 0.1159, sigreg 3.4274) | 434 ex/s | attente des données 1%
  epoch 18 pas 2 000/4 435 | perte 0.4589 (prédiction 0.1160, sigreg 3.4290) | 434 ex/s | attente des données 0%
  epoch 18 pas 2 500/4 435 | perte 0.4590 (prédiction 0.1160, sigreg 3.4306) | 434 ex/s | attente des données 0%
  epoch 18 pas 3 000/4 435 | perte 0.4589 (prédiction 0.1159, sigreg 3.4302) | 434 ex/s | attente des données 0%
  epoch 18 pas 3 500/4 435 | perte 0.4591 (prédiction 0.1159, sigreg 3.4318) | 434 ex/s | attente des données 0%
  epoch 18 pas 4 000/4 435 | perte 0.4592 (prédiction 0.1159, sigreg 3.4328) | 435 ex/s | attente des données 0%
epoch 18/20 | train : perte 0.4589 (prédiction 0.1158, sigreg 3.4313) | val : perte 0.4404 (prédiction 0.0754, sigreg 3.6492) | lr 1.2e-06 | 22.2 min | reste ~0.8 h
  epoch 19 pas 500/4 435 | perte 0.4592 (prédiction 0.1156, sigreg 3.4365) | 431 ex/s | attente des données 1%
  epoch 19 pas 1 000/4 435 | perte 0.4588 (prédiction 0.1154, sigreg 3.4339) | 430 ex/s | attente des données 2%
  epoch 19 pas 1 500/4 435 | perte 0.4591 (prédiction 0.1155, sigreg 3.4363) | 432 ex/s | attente des données 1%
  epoch 19 pas 2 000/4 435 | perte 0.4590 (prédiction 0.1155, sigreg 3.4350) | 433 ex/s | attente des données 1%
  epoch 19 pas 2 500/4 435 | perte 0.4589 (prédiction 0.1154, sigreg 3.4358) | 433 ex/s | attente des données 1%
  epoch 19 pas 3 000/4 435 | perte 0.4587 (prédiction 0.1153, sigreg 3.4344) | 433 ex/s | attente des données 1%
  epoch 19 pas 3 500/4 435 | perte 0.4587 (prédiction 0.1152, sigreg 3.4341) | 434 ex/s | attente des données 1%
  epoch 19 pas 4 000/4 435 | perte 0.4587 (prédiction 0.1152, sigreg 3.4345) | 434 ex/s | attente des données 1%
epoch 19/20 | train : perte 0.4586 (prédiction 0.1152, sigreg 3.4341) | val : perte 0.4429 (prédiction 0.0756, sigreg 3.6719) | lr 3.1e-07 | 22.2 min | reste ~0.4 h
  epoch 20 pas 500/4 435 | perte 0.4580 (prédiction 0.1150, sigreg 3.4302) | 431 ex/s | attente des données 1%
  epoch 20 pas 1 000/4 435 | perte 0.4578 (prédiction 0.1150, sigreg 3.4285) | 434 ex/s | attente des données 1%
  epoch 20 pas 1 500/4 435 | perte 0.4579 (prédiction 0.1150, sigreg 3.4284) | 434 ex/s | attente des données 1%
  epoch 20 pas 2 000/4 435 | perte 0.4582 (prédiction 0.1151, sigreg 3.4313) | 434 ex/s | attente des données 0%
  epoch 20 pas 2 500/4 435 | perte 0.4581 (prédiction 0.1151, sigreg 3.4294) | 434 ex/s | attente des données 0%
  epoch 20 pas 3 000/4 435 | perte 0.4579 (prédiction 0.1151, sigreg 3.4281) | 434 ex/s | attente des données 0%
  epoch 20 pas 3 500/4 435 | perte 0.4579 (prédiction 0.1151, sigreg 3.4284) | 435 ex/s | attente des données 0%
  epoch 20 pas 4 000/4 435 | perte 0.4579 (prédiction 0.1150, sigreg 3.4286) | 435 ex/s | attente des données 0%
epoch 20/20 | train : perte 0.4580 (prédiction 0.1150, sigreg 3.4297) | val : perte 0.4417 (prédiction 0.0757, sigreg 3.6602) | lr 0.0e+00 | 22.2 min | reste ~0.0 h
Terminé en 7.5 h. Poids : /workspace/stable-wm/checkpoints/ar_flow-tworoom-e2e
