joint_det-tworoom-e2e-reacherconfig-s1 : modèle joint_det, config reacher, graine 1 | 630 809 exemples (567 729 train, 8 192 val suivis), 4 435 pas par epoch, 20 epochs, 9 processus de chargement, torch.compile : oui
  epoch 1 pas 500/4 435 | perte 2.5270 (prédiction 0.5575, sigreg 19.6950) | 291 ex/s | attente des données 1%
  epoch 1 pas 1 000/4 435 | perte 1.8390 (prédiction 0.5718, sigreg 12.6723) | 349 ex/s | attente des données 1%
  epoch 1 pas 1 500/4 435 | perte 1.4941 (prédiction 0.4826, sigreg 10.1146) | 374 ex/s | attente des données 1%
  epoch 1 pas 2 000/4 435 | perte 1.2813 (prédiction 0.4067, sigreg 8.7467) | 388 ex/s | attente des données 0%
  epoch 1 pas 2 500/4 435 | perte 1.1356 (prédiction 0.3517, sigreg 7.8391) | 396 ex/s | attente des données 0%
  epoch 1 pas 3 000/4 435 | perte 1.0323 (prédiction 0.3120, sigreg 7.2026) | 402 ex/s | attente des données 0%
  epoch 1 pas 3 500/4 435 | perte 0.9554 (prédiction 0.2819, sigreg 6.7346) | 406 ex/s | attente des données 0%
  epoch 1 pas 4 000/4 435 | perte 0.8961 (prédiction 0.2584, sigreg 6.3772) | 409 ex/s | attente des données 0%
epoch  1/20 | train : perte 0.8540 (prédiction 0.2418, sigreg 6.1215) | val : perte 18.3181 (prédiction 2.5124, sigreg 158.0625) | lr 5.0e-05 | 23.4 min | reste ~7.4 h
  epoch 2 pas 500/4 435 | perte 0.4557 (prédiction 0.0865, sigreg 3.6932) | 430 ex/s | attente des données 1%
  epoch 2 pas 1 000/4 435 | perte 0.4491 (prédiction 0.0853, sigreg 3.6380) | 433 ex/s | attente des données 1%
  epoch 2 pas 1 500/4 435 | perte 0.4422 (prédiction 0.0846, sigreg 3.5756) | 434 ex/s | attente des données 1%
  epoch 2 pas 2 000/4 435 | perte 0.4371 (prédiction 0.0835, sigreg 3.5362) | 434 ex/s | attente des données 0%
  epoch 2 pas 2 500/4 435 | perte 0.4326 (prédiction 0.0821, sigreg 3.5050) | 435 ex/s | attente des données 0%
  epoch 2 pas 3 000/4 435 | perte 0.4289 (prédiction 0.0810, sigreg 3.4796) | 435 ex/s | attente des données 0%
  epoch 2 pas 3 500/4 435 | perte 0.4250 (prédiction 0.0799, sigreg 3.4508) | 435 ex/s | attente des données 0%
  epoch 2 pas 4 000/4 435 | perte 0.4213 (prédiction 0.0791, sigreg 3.4226) | 435 ex/s | attente des données 0%
epoch  2/20 | train : perte 0.4184 (prédiction 0.0785, sigreg 3.3997) | val : perte 7.2410 (prédiction 0.9959, sigreg 62.4648) | lr 4.9e-05 | 22.2 min | reste ~6.8 h
  epoch 3 pas 500/4 435 | perte 0.3856 (prédiction 0.0718, sigreg 3.1384) | 430 ex/s | attente des données 2%
  epoch 3 pas 1 000/4 435 | perte 0.3826 (prédiction 0.0703, sigreg 3.1233) | 433 ex/s | attente des données 1%
  epoch 3 pas 1 500/4 435 | perte 0.3799 (prédiction 0.0700, sigreg 3.0993) | 434 ex/s | attente des données 1%
  epoch 3 pas 2 000/4 435 | perte 0.3775 (prédiction 0.0695, sigreg 3.0802) | 434 ex/s | attente des données 1%
  epoch 3 pas 2 500/4 435 | perte 0.3755 (prédiction 0.0688, sigreg 3.0670) | 434 ex/s | attente des données 0%
  epoch 3 pas 3 000/4 435 | perte 0.3736 (prédiction 0.0684, sigreg 3.0522) | 434 ex/s | attente des données 0%
  epoch 3 pas 3 500/4 435 | perte 0.3715 (prédiction 0.0679, sigreg 3.0359) | 435 ex/s | attente des données 0%
  epoch 3 pas 4 000/4 435 | perte 0.3697 (prédiction 0.0676, sigreg 3.0210) | 435 ex/s | attente des données 0%
epoch  3/20 | train : perte 0.3681 (prédiction 0.0673, sigreg 3.0085) | val : perte 8.7250 (prédiction 1.5102, sigreg 72.1641) | lr 4.8e-05 | 22.2 min | reste ~6.4 h
  epoch 4 pas 500/4 435 | perte 0.3521 (prédiction 0.0648, sigreg 2.8736) | 429 ex/s | attente des données 2%
  epoch 4 pas 1 000/4 435 | perte 0.3495 (prédiction 0.0640, sigreg 2.8547) | 432 ex/s | attente des données 1%
  epoch 4 pas 1 500/4 435 | perte 0.3479 (prédiction 0.0637, sigreg 2.8418) | 433 ex/s | attente des données 1%
  epoch 4 pas 2 000/4 435 | perte 0.3466 (prédiction 0.0634, sigreg 2.8319) | 433 ex/s | attente des données 1%
  epoch 4 pas 2 500/4 435 | perte 0.3452 (prédiction 0.0631, sigreg 2.8211) | 434 ex/s | attente des données 0%
  epoch 4 pas 3 000/4 435 | perte 0.3439 (prédiction 0.0628, sigreg 2.8108) | 434 ex/s | attente des données 0%
  epoch 4 pas 3 500/4 435 | perte 0.3428 (prédiction 0.0625, sigreg 2.8020) | 434 ex/s | attente des données 0%
  epoch 4 pas 4 000/4 435 | perte 0.3416 (prédiction 0.0623, sigreg 2.7928) | 434 ex/s | attente des données 0%
epoch  4/20 | train : perte 0.3403 (prédiction 0.0620, sigreg 2.7836) | val : perte 3.9468 (prédiction 0.7085, sigreg 32.3809) | lr 4.6e-05 | 22.3 min | reste ~6.0 h
  epoch 5 pas 500/4 435 | perte 0.3277 (prédiction 0.0588, sigreg 2.6889) | 427 ex/s | attente des données 2%
  epoch 5 pas 1 000/4 435 | perte 0.3264 (prédiction 0.0587, sigreg 2.6763) | 430 ex/s | attente des données 1%
  epoch 5 pas 1 500/4 435 | perte 0.3251 (prédiction 0.0586, sigreg 2.6649) | 432 ex/s | attente des données 1%
  epoch 5 pas 2 000/4 435 | perte 0.3240 (prédiction 0.0585, sigreg 2.6553) | 432 ex/s | attente des données 1%
  epoch 5 pas 2 500/4 435 | perte 0.3228 (prédiction 0.0583, sigreg 2.6456) | 433 ex/s | attente des données 1%
  epoch 5 pas 3 000/4 435 | perte 0.3218 (prédiction 0.0581, sigreg 2.6378) | 433 ex/s | attente des données 0%
  epoch 5 pas 3 500/4 435 | perte 0.3209 (prédiction 0.0578, sigreg 2.6312) | 434 ex/s | attente des données 0%
  epoch 5 pas 4 000/4 435 | perte 0.3203 (prédiction 0.0576, sigreg 2.6265) | 434 ex/s | attente des données 0%
epoch  5/20 | train : perte 0.3195 (prédiction 0.0574, sigreg 2.6212) | val : perte 4.3833 (prédiction 0.8362, sigreg 35.4707) | lr 4.3e-05 | 22.2 min | reste ~5.6 h
  epoch 6 pas 500/4 435 | perte 0.3104 (prédiction 0.0547, sigreg 2.5575) | 429 ex/s | attente des données 1%
  epoch 6 pas 1 000/4 435 | perte 0.3102 (prédiction 0.0550, sigreg 2.5513) | 433 ex/s | attente des données 1%
  epoch 6 pas 1 500/4 435 | perte 0.3093 (prédiction 0.0548, sigreg 2.5452) | 434 ex/s | attente des données 1%
  epoch 6 pas 2 000/4 435 | perte 0.3084 (prédiction 0.0546, sigreg 2.5379) | 434 ex/s | attente des données 0%
  epoch 6 pas 2 500/4 435 | perte 0.3077 (prédiction 0.0544, sigreg 2.5325) | 435 ex/s | attente des données 0%
  epoch 6 pas 3 000/4 435 | perte 0.3071 (prédiction 0.0544, sigreg 2.5263) | 435 ex/s | attente des données 0%
  epoch 6 pas 3 500/4 435 | perte 0.3064 (prédiction 0.0543, sigreg 2.5206) | 435 ex/s | attente des données 0%
  epoch 6 pas 4 000/4 435 | perte 0.3056 (prédiction 0.0541, sigreg 2.5147) | 435 ex/s | attente des données 0%
epoch  6/20 | train : perte 0.3051 (prédiction 0.0541, sigreg 2.5102) | val : perte 1.2128 (prédiction 0.2174, sigreg 9.9551) | lr 4.0e-05 | 22.2 min | reste ~5.2 h
  epoch 7 pas 500/4 435 | perte 0.2993 (prédiction 0.0530, sigreg 2.4627) | 430 ex/s | attente des données 2%
  epoch 7 pas 1 000/4 435 | perte 0.2983 (prédiction 0.0526, sigreg 2.4572) | 433 ex/s | attente des données 1%
  epoch 7 pas 1 500/4 435 | perte 0.2976 (prédiction 0.0524, sigreg 2.4526) | 434 ex/s | attente des données 1%
  epoch 7 pas 2 000/4 435 | perte 0.2970 (prédiction 0.0522, sigreg 2.4479) | 434 ex/s | attente des données 1%
  epoch 7 pas 2 500/4 435 | perte 0.2965 (prédiction 0.0522, sigreg 2.4432) | 435 ex/s | attente des données 0%
  epoch 7 pas 3 000/4 435 | perte 0.2959 (prédiction 0.0520, sigreg 2.4391) | 435 ex/s | attente des données 0%
  epoch 7 pas 3 500/4 435 | perte 0.2954 (prédiction 0.0520, sigreg 2.4345) | 435 ex/s | attente des données 0%
  epoch 7 pas 4 000/4 435 | perte 0.2949 (prédiction 0.0518, sigreg 2.4309) | 435 ex/s | attente des données 0%
epoch  7/20 | train : perte 0.2943 (prédiction 0.0517, sigreg 2.4264) | val : perte 1.0578 (prédiction 0.2062, sigreg 8.5151) | lr 3.7e-05 | 22.2 min | reste ~4.9 h
  epoch 8 pas 500/4 435 | perte 0.2892 (prédiction 0.0512, sigreg 2.3804) | 431 ex/s | attente des données 1%
  epoch 8 pas 1 000/4 435 | perte 0.2887 (prédiction 0.0509, sigreg 2.3782) | 434 ex/s | attente des données 1%
  epoch 8 pas 1 500/4 435 | perte 0.2881 (prédiction 0.0508, sigreg 2.3732) | 434 ex/s | attente des données 1%
  epoch 8 pas 2 000/4 435 | perte 0.2875 (prédiction 0.0507, sigreg 2.3672) | 435 ex/s | attente des données 0%
  epoch 8 pas 2 500/4 435 | perte 0.2869 (prédiction 0.0505, sigreg 2.3632) | 435 ex/s | attente des données 0%
  epoch 8 pas 3 000/4 435 | perte 0.2864 (prédiction 0.0504, sigreg 2.3596) | 435 ex/s | attente des données 0%
  epoch 8 pas 3 500/4 435 | perte 0.2858 (prédiction 0.0502, sigreg 2.3557) | 435 ex/s | attente des données 0%
  epoch 8 pas 4 000/4 435 | perte 0.2854 (prédiction 0.0502, sigreg 2.3526) | 435 ex/s | attente des données 0%
epoch  8/20 | train : perte 0.2851 (prédiction 0.0501, sigreg 2.3507) | val : perte 0.8995 (prédiction 0.1644, sigreg 7.3506) | lr 3.3e-05 | 22.1 min | reste ~4.5 h
  epoch 9 pas 500/4 435 | perte 0.2812 (prédiction 0.0490, sigreg 2.3211) | 432 ex/s | attente des données 1%
  epoch 9 pas 1 000/4 435 | perte 0.2805 (prédiction 0.0489, sigreg 2.3157) | 434 ex/s | attente des données 1%
  epoch 9 pas 1 500/4 435 | perte 0.2797 (prédiction 0.0487, sigreg 2.3097) | 434 ex/s | attente des données 1%
  epoch 9 pas 2 000/4 435 | perte 0.2792 (prédiction 0.0487, sigreg 2.3047) | 435 ex/s | attente des données 0%
  epoch 9 pas 2 500/4 435 | perte 0.2788 (prédiction 0.0487, sigreg 2.3012) | 435 ex/s | attente des données 0%
  epoch 9 pas 3 000/4 435 | perte 0.2784 (prédiction 0.0487, sigreg 2.2974) | 435 ex/s | attente des données 0%
  epoch 9 pas 3 500/4 435 | perte 0.2780 (prédiction 0.0486, sigreg 2.2936) | 435 ex/s | attente des données 0%
  epoch 9 pas 4 000/4 435 | perte 0.2777 (prédiction 0.0486, sigreg 2.2908) | 435 ex/s | attente des données 0%
epoch  9/20 | train : perte 0.2774 (prédiction 0.0486, sigreg 2.2880) | val : perte 1.1017 (prédiction 0.2019, sigreg 8.9961) | lr 2.9e-05 | 22.2 min | reste ~4.1 h
  epoch 10 pas 500/4 435 | perte 0.2732 (prédiction 0.0476, sigreg 2.2555) | 431 ex/s | attente des données 1%
  epoch 10 pas 1 000/4 435 | perte 0.2726 (prédiction 0.0474, sigreg 2.2518) | 433 ex/s | attente des données 1%
  epoch 10 pas 1 500/4 435 | perte 0.2723 (prédiction 0.0475, sigreg 2.2480) | 434 ex/s | attente des données 1%
  epoch 10 pas 2 000/4 435 | perte 0.2719 (prédiction 0.0473, sigreg 2.2452) | 434 ex/s | attente des données 0%
  epoch 10 pas 2 500/4 435 | perte 0.2718 (prédiction 0.0474, sigreg 2.2441) | 435 ex/s | attente des données 0%
  epoch 10 pas 3 000/4 435 | perte 0.2715 (prédiction 0.0473, sigreg 2.2420) | 435 ex/s | attente des données 0%
  epoch 10 pas 3 500/4 435 | perte 0.2710 (prédiction 0.0472, sigreg 2.2385) | 435 ex/s | attente des données 0%
  epoch 10 pas 4 000/4 435 | perte 0.2706 (prédiction 0.0470, sigreg 2.2361) | 435 ex/s | attente des données 0%
epoch 10/20 | train : perte 0.2703 (prédiction 0.0470, sigreg 2.2335) | val : perte 0.3794 (prédiction 0.0475, sigreg 3.3184) | lr 2.5e-05 | 22.0 min | reste ~3.7 h
  epoch 11 pas 500/4 435 | perte 0.2667 (prédiction 0.0457, sigreg 2.2099) | 431 ex/s | attente des données 1%
  epoch 11 pas 1 000/4 435 | perte 0.2668 (prédiction 0.0456, sigreg 2.2122) | 432 ex/s | attente des données 1%
  epoch 11 pas 1 500/4 435 | perte 0.2667 (prédiction 0.0457, sigreg 2.2097) | 434 ex/s | attente des données 1%
  epoch 11 pas 2 000/4 435 | perte 0.2664 (prédiction 0.0456, sigreg 2.2090) | 434 ex/s | attente des données 0%
  epoch 11 pas 2 500/4 435 | perte 0.2661 (prédiction 0.0455, sigreg 2.2067) | 435 ex/s | attente des données 0%
  epoch 11 pas 3 000/4 435 | perte 0.2660 (prédiction 0.0454, sigreg 2.2061) | 435 ex/s | attente des données 0%
  epoch 11 pas 3 500/4 435 | perte 0.2659 (prédiction 0.0454, sigreg 2.2046) | 435 ex/s | attente des données 0%
  epoch 11 pas 4 000/4 435 | perte 0.2657 (prédiction 0.0454, sigreg 2.2031) | 435 ex/s | attente des données 0%
epoch 11/20 | train : perte 0.2654 (prédiction 0.0453, sigreg 2.2014) | val : perte 0.4571 (prédiction 0.0687, sigreg 3.8840) | lr 2.1e-05 | 22.1 min | reste ~3.3 h
  epoch 12 pas 500/4 435 | perte 0.2625 (prédiction 0.0445, sigreg 2.1797) | 429 ex/s | attente des données 2%
  epoch 12 pas 1 000/4 435 | perte 0.2626 (prédiction 0.0443, sigreg 2.1828) | 432 ex/s | attente des données 1%
  epoch 12 pas 1 500/4 435 | perte 0.2623 (prédiction 0.0441, sigreg 2.1819) | 434 ex/s | attente des données 1%
  epoch 12 pas 2 000/4 435 | perte 0.2622 (prédiction 0.0441, sigreg 2.1812) | 434 ex/s | attente des données 0%
  epoch 12 pas 2 500/4 435 | perte 0.2620 (prédiction 0.0441, sigreg 2.1797) | 434 ex/s | attente des données 0%
  epoch 12 pas 3 000/4 435 | perte 0.2618 (prédiction 0.0440, sigreg 2.1788) | 435 ex/s | attente des données 0%
  epoch 12 pas 3 500/4 435 | perte 0.2618 (prédiction 0.0440, sigreg 2.1787) | 435 ex/s | attente des données 0%
  epoch 12 pas 4 000/4 435 | perte 0.2617 (prédiction 0.0439, sigreg 2.1778) | 435 ex/s | attente des données 0%
epoch 12/20 | train : perte 0.2615 (prédiction 0.0438, sigreg 2.1766) | val : perte 0.5638 (prédiction 0.1100, sigreg 4.5371) | lr 1.8e-05 | 22.0 min | reste ~3.0 h
  epoch 13 pas 500/4 435 | perte 0.2597 (prédiction 0.0430, sigreg 2.1668) | 430 ex/s | attente des données 1%
  epoch 13 pas 1 000/4 435 | perte 0.2591 (prédiction 0.0428, sigreg 2.1627) | 433 ex/s | attente des données 1%
  epoch 13 pas 1 500/4 435 | perte 0.2590 (prédiction 0.0428, sigreg 2.1623) | 434 ex/s | attente des données 1%
  epoch 13 pas 2 000/4 435 | perte 0.2588 (prédiction 0.0427, sigreg 2.1615) | 434 ex/s | attente des données 0%
  epoch 13 pas 2 500/4 435 | perte 0.2588 (prédiction 0.0426, sigreg 2.1615) | 435 ex/s | attente des données 0%
  epoch 13 pas 3 000/4 435 | perte 0.2585 (prédiction 0.0425, sigreg 2.1598) | 435 ex/s | attente des données 0%
  epoch 13 pas 3 500/4 435 | perte 0.2584 (prédiction 0.0426, sigreg 2.1582) | 435 ex/s | attente des données 0%
  epoch 13 pas 4 000/4 435 | perte 0.2582 (prédiction 0.0425, sigreg 2.1567) | 435 ex/s | attente des données 0%
epoch 13/20 | train : perte 0.2580 (prédiction 0.0424, sigreg 2.1561) | val : perte 0.3297 (prédiction 0.0383, sigreg 2.9138) | lr 1.4e-05 | 22.1 min | reste ~2.6 h
  epoch 14 pas 500/4 435 | perte 0.2559 (prédiction 0.0415, sigreg 2.1438) | 431 ex/s | attente des données 1%
  epoch 14 pas 1 000/4 435 | perte 0.2558 (prédiction 0.0417, sigreg 2.1410) | 433 ex/s | attente des données 1%
  epoch 14 pas 1 500/4 435 | perte 0.2556 (prédiction 0.0417, sigreg 2.1392) | 434 ex/s | attente des données 1%
  epoch 14 pas 2 000/4 435 | perte 0.2554 (prédiction 0.0416, sigreg 2.1379) | 434 ex/s | attente des données 0%
  epoch 14 pas 2 500/4 435 | perte 0.2554 (prédiction 0.0416, sigreg 2.1382) | 434 ex/s | attente des données 0%
  epoch 14 pas 3 000/4 435 | perte 0.2553 (prédiction 0.0416, sigreg 2.1376) | 434 ex/s | attente des données 0%
  epoch 14 pas 3 500/4 435 | perte 0.2551 (prédiction 0.0415, sigreg 2.1361) | 434 ex/s | attente des données 0%
  epoch 14 pas 4 000/4 435 | perte 0.2549 (prédiction 0.0414, sigreg 2.1347) | 434 ex/s | attente des données 0%
epoch 14/20 | train : perte 0.2548 (prédiction 0.0414, sigreg 2.1340) | val : perte 0.3375 (prédiction 0.0356, sigreg 3.0190) | lr 1.0e-05 | 22.2 min | reste ~2.2 h
  epoch 15 pas 500/4 435 | perte 0.2530 (prédiction 0.0408, sigreg 2.1216) | 429 ex/s | attente des données 1%
  epoch 15 pas 1 000/4 435 | perte 0.2525 (prédiction 0.0405, sigreg 2.1201) | 433 ex/s | attente des données 1%
  epoch 15 pas 1 500/4 435 | perte 0.2527 (prédiction 0.0406, sigreg 2.1204) | 434 ex/s | attente des données 1%
  epoch 15 pas 2 000/4 435 | perte 0.2526 (prédiction 0.0407, sigreg 2.1189) | 434 ex/s | attente des données 0%
  epoch 15 pas 2 500/4 435 | perte 0.2526 (prédiction 0.0407, sigreg 2.1184) | 434 ex/s | attente des données 0%
  epoch 15 pas 3 000/4 435 | perte 0.2526 (prédiction 0.0407, sigreg 2.1184) | 435 ex/s | attente des données 0%
  epoch 15 pas 3 500/4 435 | perte 0.2524 (prédiction 0.0406, sigreg 2.1175) | 435 ex/s | attente des données 0%
  epoch 15 pas 4 000/4 435 | perte 0.2524 (prédiction 0.0406, sigreg 2.1172) | 435 ex/s | attente des données 0%
epoch 15/20 | train : perte 0.2523 (prédiction 0.0406, sigreg 2.1168) | val : perte 0.2802 (prédiction 0.0257, sigreg 2.5439) | lr 7.5e-06 | 22.0 min | reste ~1.9 h
  epoch 16 pas 500/4 435 | perte 0.2508 (prédiction 0.0394, sigreg 2.1143) | 428 ex/s | attente des données 1%
  epoch 16 pas 1 000/4 435 | perte 0.2502 (prédiction 0.0396, sigreg 2.1066) | 432 ex/s | attente des données 1%
  epoch 16 pas 1 500/4 435 | perte 0.2503 (prédiction 0.0396, sigreg 2.1063) | 433 ex/s | attente des données 1%
  epoch 16 pas 2 000/4 435 | perte 0.2502 (prédiction 0.0397, sigreg 2.1057) | 433 ex/s | attente des données 0%
  epoch 16 pas 2 500/4 435 | perte 0.2502 (prédiction 0.0397, sigreg 2.1050) | 434 ex/s | attente des données 0%
  epoch 16 pas 3 000/4 435 | perte 0.2504 (prédiction 0.0398, sigreg 2.1055) | 434 ex/s | attente des données 0%
  epoch 16 pas 3 500/4 435 | perte 0.2503 (prédiction 0.0398, sigreg 2.1052) | 435 ex/s | attente des données 0%
  epoch 16 pas 4 000/4 435 | perte 0.2502 (prédiction 0.0398, sigreg 2.1043) | 435 ex/s | attente des données 0%
epoch 16/20 | train : perte 0.2501 (prédiction 0.0398, sigreg 2.1036) | val : perte 0.2585 (prédiction 0.0211, sigreg 2.3735) | lr 4.9e-06 | 22.0 min | reste ~1.5 h
  epoch 17 pas 500/4 435 | perte 0.2492 (prédiction 0.0393, sigreg 2.0994) | 429 ex/s | attente des données 2%
  epoch 17 pas 1 000/4 435 | perte 0.2492 (prédiction 0.0392, sigreg 2.0994) | 433 ex/s | attente des données 1%
  epoch 17 pas 1 500/4 435 | perte 0.2489 (prédiction 0.0392, sigreg 2.0968) | 434 ex/s | attente des données 1%
  epoch 17 pas 2 000/4 435 | perte 0.2487 (prédiction 0.0391, sigreg 2.0954) | 434 ex/s | attente des données 0%
  epoch 17 pas 2 500/4 435 | perte 0.2485 (prédiction 0.0390, sigreg 2.0949) | 435 ex/s | attente des données 0%
  epoch 17 pas 3 000/4 435 | perte 0.2485 (prédiction 0.0390, sigreg 2.0950) | 435 ex/s | attente des données 0%
  epoch 17 pas 3 500/4 435 | perte 0.2485 (prédiction 0.0391, sigreg 2.0944) | 435 ex/s | attente des données 0%
  epoch 17 pas 4 000/4 435 | perte 0.2485 (prédiction 0.0391, sigreg 2.0942) | 435 ex/s | attente des données 0%
epoch 17/20 | train : perte 0.2485 (prédiction 0.0391, sigreg 2.0940) | val : perte 0.2539 (prédiction 0.0206, sigreg 2.3328) | lr 2.8e-06 | 22.0 min | reste ~1.1 h
  epoch 18 pas 500/4 435 | perte 0.2479 (prédiction 0.0390, sigreg 2.0892) | 430 ex/s | attente des données 1%
  epoch 18 pas 1 000/4 435 | perte 0.2480 (prédiction 0.0391, sigreg 2.0896) | 433 ex/s | attente des données 1%
  epoch 18 pas 1 500/4 435 | perte 0.2479 (prédiction 0.0390, sigreg 2.0894) | 434 ex/s | attente des données 1%
  epoch 18 pas 2 000/4 435 | perte 0.2479 (prédiction 0.0389, sigreg 2.0902) | 435 ex/s | attente des données 0%
  epoch 18 pas 2 500/4 435 | perte 0.2479 (prédiction 0.0388, sigreg 2.0908) | 435 ex/s | attente des données 0%
  epoch 18 pas 3 000/4 435 | perte 0.2478 (prédiction 0.0387, sigreg 2.0905) | 435 ex/s | attente des données 0%
  epoch 18 pas 3 500/4 435 | perte 0.2477 (prédiction 0.0388, sigreg 2.0892) | 435 ex/s | attente des données 0%
  epoch 18 pas 4 000/4 435 | perte 0.2476 (prédiction 0.0387, sigreg 2.0886) | 435 ex/s | attente des données 0%
epoch 18/20 | train : perte 0.2474 (prédiction 0.0386, sigreg 2.0876) | val : perte 0.2498 (prédiction 0.0199, sigreg 2.2996) | lr 1.2e-06 | 22.0 min | reste ~0.7 h
  epoch 19 pas 500/4 435 | perte 0.2471 (prédiction 0.0383, sigreg 2.0879) | 430 ex/s | attente des données 1%
  epoch 19 pas 1 000/4 435 | perte 0.2469 (prédiction 0.0384, sigreg 2.0855) | 433 ex/s | attente des données 1%
  epoch 19 pas 1 500/4 435 | perte 0.2469 (prédiction 0.0384, sigreg 2.0857) | 434 ex/s | attente des données 1%
  epoch 19 pas 2 000/4 435 | perte 0.2468 (prédiction 0.0382, sigreg 2.0862) | 434 ex/s | attente des données 0%
  epoch 19 pas 2 500/4 435 | perte 0.2468 (prédiction 0.0383, sigreg 2.0859) | 435 ex/s | attente des données 0%
  epoch 19 pas 3 000/4 435 | perte 0.2468 (prédiction 0.0382, sigreg 2.0857) | 435 ex/s | attente des données 0%
  epoch 19 pas 3 500/4 435 | perte 0.2466 (prédiction 0.0382, sigreg 2.0847) | 435 ex/s | attente des données 0%
  epoch 19 pas 4 000/4 435 | perte 0.2468 (prédiction 0.0383, sigreg 2.0852) | 435 ex/s | attente des données 0%
epoch 19/20 | train : perte 0.2467 (prédiction 0.0382, sigreg 2.0856) | val : perte 0.2457 (prédiction 0.0186, sigreg 2.2703) | lr 3.1e-07 | 22.2 min | reste ~0.4 h
  epoch 20 pas 500/4 435 | perte 0.2469 (prédiction 0.0380, sigreg 2.0885) | 431 ex/s | attente des données 1%
  epoch 20 pas 1 000/4 435 | perte 0.2467 (prédiction 0.0380, sigreg 2.0876) | 433 ex/s | attente des données 1%
  epoch 20 pas 1 500/4 435 | perte 0.2469 (prédiction 0.0382, sigreg 2.0873) | 434 ex/s | attente des données 1%
  epoch 20 pas 2 000/4 435 | perte 0.2468 (prédiction 0.0382, sigreg 2.0859) | 435 ex/s | attente des données 0%
  epoch 20 pas 2 500/4 435 | perte 0.2466 (prédiction 0.0381, sigreg 2.0852) | 435 ex/s | attente des données 0%
  epoch 20 pas 3 000/4 435 | perte 0.2466 (prédiction 0.0381, sigreg 2.0853) | 435 ex/s | attente des données 0%
  epoch 20 pas 3 500/4 435 | perte 0.2466 (prédiction 0.0380, sigreg 2.0853) | 435 ex/s | attente des données 0%
  epoch 20 pas 4 000/4 435 | perte 0.2466 (prédiction 0.0380, sigreg 2.0852) | 435 ex/s | attente des données 0%
epoch 20/20 | train : perte 0.2465 (prédiction 0.0380, sigreg 2.0848) | val : perte 0.2450 (prédiction 0.0190, sigreg 2.2600) | lr 0.0e+00 | 22.0 min | reste ~0.0 h
Terminé en 7.4 h. Poids : /workspace/stable-wm/checkpoints/joint_det-tworoom-e2e-reacherconfig-s1
